// Jest Snapshot v1, https://goo.gl/fbAQLP

exports[`SignUp screen should can input form 1`] = `
<RNCSafeAreaProvider
  onInsetsChange={[Function]}
  style={
    Array [
      Object {
        "flex": 1,
      },
      undefined,
    ]
  }
>
  <View
    dataSet={Object {}}
    style={
      Object {
        "flex": 1,
      }
    }
  >
    <View
      dataSet={Object {}}
      onLayout={[Function]}
      style={
        Object {
          "flex": 1,
        }
      }
    >
      <View
        dataSet={Object {}}
        style={
          Object {
            "alignItems": "center",
            "display": "flex",
            "flex": 1,
            "justifyContent": "center",
            "paddingLeft": 40,
            "paddingRight": 40,
          }
        }
      >
        <Text
          dataSet={Object {}}
          style={
            Object {
              "backgroundColor": undefined,
              "color": "#3b82f6",
              "fontFamily": undefined,
              "fontSize": 30,
              "fontStyle": "normal",
              "fontWeight": "400",
              "letterSpacing": 0,
              "lineHeight": 45,
              "marginBottom": 50,
              "textDecorationLine": undefined,
            }
          }
        >
          SignUp
        </Text>
        <View
          dataSet={Object {}}
          isFocused={false}
          style={
            Object {
              "alignItems": "center",
              "borderColor": "#d4d4d4",
              "borderRadius": 4,
              "borderWidth": 1,
              "flexDirection": "row",
              "marginBottom": 20,
              "overflow": "hidden",
            }
          }
        >
          <TextInput
            accessible={true}
            dataSet={Object {}}
            editable={true}
            onBlur={[Function]}
            onChangeText={[Function]}
            onFocus={[Function]}
            onKeyPress={[Function]}
            placeholder="Type Name"
            placeholderTextColor="#a3a3a3"
            secureTextEntry={false}
            selectionColor="#1f2937"
            style={
              Object {
                "backgroundColor": "transparent",
                "color": "#171717",
                "flex": 1,
                "fontFamily": undefined,
                "fontSize": 12,
                "fontStyle": "normal",
                "fontWeight": "400",
                "height": "100%",
                "paddingBottom": 8,
                "paddingLeft": 12,
                "paddingRight": 12,
                "paddingTop": 8,
                "width": "100%",
              }
            }
            testID="input-name"
            value="Kholiq"
          />
        </View>
        <View
          dataSet={Object {}}
          isFocused={false}
          style={
            Object {
              "alignItems": "center",
              "borderColor": "#d4d4d4",
              "borderRadius": 4,
              "borderWidth": 1,
              "flexDirection": "row",
              "marginBottom": 20,
              "overflow": "hidden",
            }
          }
        >
          <TextInput
            accessible={true}
            dataSet={Object {}}
            editable={true}
            keyboardType="phone-pad"
            onBlur={[Function]}
            onChangeText={[Function]}
            onFocus={[Function]}
            onKeyPress={[Function]}
            placeholder="Type Phone"
            placeholderTextColor="#a3a3a3"
            secureTextEntry={false}
            selectionColor="#1f2937"
            style={
              Object {
                "backgroundColor": "transparent",
                "color": "#171717",
                "flex": 1,
                "fontFamily": undefined,
                "fontSize": 12,
                "fontStyle": "normal",
                "fontWeight": "400",
                "height": "100%",
                "paddingBottom": 8,
                "paddingLeft": 12,
                "paddingRight": 12,
                "paddingTop": 8,
                "width": "100%",
              }
            }
            testID="input-phone"
            value="0818181818"
          />
        </View>
        <View
          dataSet={Object {}}
          isFocused={false}
          style={
            Object {
              "alignItems": "center",
              "borderColor": "#d4d4d4",
              "borderRadius": 4,
              "borderWidth": 1,
              "flexDirection": "row",
              "marginBottom": 20,
              "overflow": "hidden",
            }
          }
        >
          <TextInput
            accessible={true}
            dataSet={Object {}}
            editable={true}
            keyboardType="email-address"
            onBlur={[Function]}
            onChangeText={[Function]}
            onFocus={[Function]}
            onKeyPress={[Function]}
            placeholder="Type Email"
            placeholderTextColor="#a3a3a3"
            secureTextEntry={false}
            selectionColor="#1f2937"
            style={
              Object {
                "backgroundColor": "transparent",
                "color": "#171717",
                "flex": 1,
                "fontFamily": undefined,
                "fontSize": 12,
                "fontStyle": "normal",
                "fontWeight": "400",
                "height": "100%",
                "paddingBottom": 8,
                "paddingLeft": 12,
                "paddingRight": 12,
                "paddingTop": 8,
                "width": "100%",
              }
            }
            testID="input-email"
            value="abdul@finetiks.com"
          />
        </View>
        <View
          dataSet={Object {}}
          isFocused={false}
          style={
            Object {
              "alignItems": "center",
              "borderColor": "#d4d4d4",
              "borderRadius": 4,
              "borderWidth": 1,
              "flexDirection": "row",
              "marginBottom": 20,
              "overflow": "hidden",
            }
          }
        >
          <TextInput
            accessible={true}
            dataSet={Object {}}
            editable={true}
            onBlur={[Function]}
            onChangeText={[Function]}
            onFocus={[Function]}
            onKeyPress={[Function]}
            placeholder="Type Password"
            placeholderTextColor="#a3a3a3"
            secureTextEntry={true}
            selectionColor="#1f2937"
            style={
              Object {
                "backgroundColor": "transparent",
                "color": "#171717",
                "flex": 1,
                "fontFamily": undefined,
                "fontSize": 12,
                "fontStyle": "normal",
                "fontWeight": "400",
                "height": "100%",
                "paddingBottom": 8,
                "paddingLeft": 12,
                "paddingRight": 12,
                "paddingTop": 8,
                "width": "100%",
              }
            }
            testID="input-password"
            value="test123"
          />
        </View>
        <View
          dataSet={Object {}}
          isFocused={false}
          style={
            Object {
              "alignItems": "center",
              "borderColor": "#d4d4d4",
              "borderRadius": 4,
              "borderWidth": 1,
              "flexDirection": "row",
              "marginBottom": 20,
              "overflow": "hidden",
            }
          }
        >
          <TextInput
            accessible={true}
            dataSet={Object {}}
            editable={true}
            onBlur={[Function]}
            onChangeText={[Function]}
            onFocus={[Function]}
            onKeyPress={[Function]}
            placeholder="Type Password Confimation"
            placeholderTextColor="#a3a3a3"
            secureTextEntry={true}
            selectionColor="#1f2937"
            style={
              Object {
                "backgroundColor": "transparent",
                "color": "#171717",
                "flex": 1,
                "fontFamily": undefined,
                "fontSize": 12,
                "fontStyle": "normal",
                "fontWeight": "400",
                "height": "100%",
                "paddingBottom": 8,
                "paddingLeft": 12,
                "paddingRight": 12,
                "paddingTop": 8,
                "width": "100%",
              }
            }
            testID="input-password-confirmation"
            value="test123"
          />
        </View>
        <View
          accessibilityRole="button"
          accessible={true}
          collapsable={false}
          colorScheme="primary"
          dataSet={Object {}}
          focusable={true}
          onBlur={[Function]}
          onClick={[Function]}
          onFocus={[Function]}
          onResponderGrant={[Function]}
          onResponderMove={[Function]}
          onResponderRelease={[Function]}
          onResponderTerminate={[Function]}
          onResponderTerminationRequest={[Function]}
          onStartShouldSetResponder={[Function]}
          style={
            Object {
              "alignItems": "center",
              "backgroundColor": "#0891b2",
              "borderRadius": 4,
              "flexDirection": "row",
              "justifyContent": "center",
              "paddingBottom": 12,
              "paddingLeft": 12,
              "paddingRight": 12,
              "paddingTop": 12,
            }
          }
          testID="btn-submit"
        >
          <View
            dataSet={Object {}}
            style={
              Object {
                "alignItems": "center",
                "flexDirection": "row",
              }
            }
            test={true}
          >
            <View
              dataSet={Object {}}
              style={Object {}}
            >
              <Text
                dataSet={Object {}}
                style={
                  Object {
                    "backgroundColor": undefined,
                    "color": "#fafafa",
                    "fontFamily": undefined,
                    "fontSize": 16,
                    "fontStyle": "normal",
                    "fontWeight": "400",
                    "letterSpacing": 0,
                    "lineHeight": 24,
                    "textDecorationLine": undefined,
                  }
                }
              >
                Submit
              </Text>
            </View>
          </View>
        </View>
      </View>
    </View>
  </View>
</RNCSafeAreaProvider>
`;
